// Jest Snapshot v1, https://goo.gl/fbAQLP

exports[`<Companies /> renders list of company links 1`] = `
<div
  className="nav__company-group"
>
  <div
    className="company-header"
  >
    Your companies
  </div>
  <div
    className="company-body"
  >
    <CompanyLink
      id={1}
      key="1"
      name="Dummy company"
      selected={false}
    />
    <CompanyLink
      id={2}
      key="2"
      name="Smarty company"
      selected={false}
    />
  </div>
</div>
`;
