// Jest Snapshot v1, https://goo.gl/fbAQLP

exports[`<DropdownMenu /> renders menu 1`] = `
<div
  className="nav__dropdown-menu"
>
  <Connect(Companies) />
  <div
    className="nav__dropdown-menu-group"
  >
    <MenuLink
      icon="phone_iphone"
      text="Get the mobile app"
    />
    <MenuLink
      icon="people"
      text="Community"
    />
    <MenuLink
      icon="book"
      text="Knowledge base"
    />
  </div>
  <div
    className="nav__dropdown-menu-group"
  >
    <MenuLink
      icon="settings"
      text="Settings"
    />
    <MenuLink
      icon="account_balance_wallet"
      text="Connect to Wallet"
    />
    <MenuLink
      color="red"
      icon="exit_to_app"
      text="Log out"
    />
  </div>
</div>
`;
